分类: 📺央视频道, 名称: CCTV-1, 有效: 3, IPv4: 56, IPv6: 0, 最小延迟: 92 ms, 最高速率: 7.24 M/s, 平均速率: 4.40 M/s, 最高分辨率: 1920x1080, 平均帧率: 33.33, 视频编解码器: h264, 音频编解码器: aac
分类: 📺央视频道, 名称: CCTV-2, 有效: 5, IPv4: 19, IPv6: 0, 最小延迟: 135 ms, 最高速率: 14.29 M/s, 平均速率: 7.00 M/s, 最高分辨率: 1920x1080, 平均帧率: 25.00, 视频编解码器: h264, 音频编解码器: aac
分类: 📺央视频道, 名称: CCTV-3, 有效: 5, IPv4: 16, IPv6: 0, 最小延迟: 86 ms, 最高速率: 8.60 M/s, 平均速率: 3.05 M/s, 最高分辨率: 1920x1080, 平均帧率: 35.00, 视频编解码器: h264, 音频编解码器: aac
分类: 📺央视频道, 名称: CCTV-4, 有效: 5, IPv4: 23, IPv6: 0, 最小延迟: 66 ms, 最高速率: 3.13 M/s, 平均速率: 1.86 M/s, 最高分辨率: 1920x1080, 平均帧率: 25.00, 视频编解码器: h264, 音频编解码器: aac
分类: 📺央视频道, 名称: CCTV-5, 有效: 5, IPv4: 39, IPv6: 0, 最小延迟: 59 ms, 最高速率: 6.62 M/s, 平均速率: 3.66 M/s, 最高分辨率: 1920x1080, 平均帧率: 25.00, 视频编解码器: h264, 音频编解码器: aac
分类: 📺央视频道, 名称: CCTV-5+, 有效: 2, IPv4: 32, IPv6: 0, 最小延迟: 245 ms, 最高速率: 7.81 M/s, 平均速率: 4.75 M/s, 最高分辨率: 1920x1080, 平均帧率: 25.00, 视频编解码器: h264, 音频编解码器: aac
分类: 📺央视频道, 名称: CCTV-6, 有效: 4, IPv4: 53, IPv6: 0, 最小延迟: 181 ms, 最高速率: 3.86 M/s, 平均速率: 2.76 M/s, 最高分辨率: 1280x720, 平均帧率: 25.00, 视频编解码器: h264, 音频编解码器: aac
分类: 📺央视频道, 名称: CCTV-7, 有效: 5, IPv4: 18, IPv6: 0, 最小延迟: 71 ms, 最高速率: 5.49 M/s, 平均速率: 3.25 M/s, 最高分辨率: 1920x1080, 平均帧率: 25.00, 视频编解码器: h264, 音频编解码器: aac
分类: 📺央视频道, 名称: CCTV-8, 有效: 5, IPv4: 12, IPv6: 0, 最小延迟: 58 ms, 最高速率: 8.19 M/s, 平均速率: 5.36 M/s, 最高分辨率: 1920x1080, 平均帧率: 25.00, 视频编解码器: h264, 音频编解码器: aac
分类: 📺央视频道, 名称: CCTV-9, 有效: 4, IPv4: 55, IPv6: 0, 最小延迟: 71 ms, 最高速率: 5.62 M/s, 平均速率: 3.63 M/s, 最高分辨率: 1920x1080, 平均帧率: 32.14, 视频编解码器: h264, 音频编解码器: aac
分类: 📺央视频道, 名称: CCTV-10, 有效: 5, IPv4: 24, IPv6: 0, 最小延迟: 218 ms, 最高速率: 4.60 M/s, 平均速率: 3.02 M/s, 最高分辨率: 1920x1080, 平均帧率: 28.12, 视频编解码器: h264, 音频编解码器: aac
分类: 📺央视频道, 名称: CCTV-11, 有效: 5, IPv4: 18, IPv6: 0, 最小延迟: 52 ms, 最高速率: 16.48 M/s, 平均速率: 5.79 M/s, 最高分辨率: 1920x1080, 平均帧率: 25.00, 视频编解码器: h264, 音频编解码器: aac
分类: 📺央视频道, 名称: CCTV-12, 有效: 5, IPv4: 17, IPv6: 0, 最小延迟: 53 ms, 最高速率: 7.48 M/s, 平均速率: 2.96 M/s, 最高分辨率: 1920x1080, 平均帧率: 25.00, 视频编解码器: h264, 音频编解码器: aac
分类: 📺央视频道, 名称: CCTV-13, 有效: 3, IPv4: 51, IPv6: 0, 最小延迟: 59 ms, 最高速率: 7.51 M/s, 平均速率: 4.52 M/s, 最高分辨率: 1920x1080, 平均帧率: 32.00, 视频编解码器: h264, 音频编解码器: aac
分类: 📺央视频道, 名称: CCTV-14, 有效: 5, IPv4: 20, IPv6: 0, 最小延迟: 60 ms, 最高速率: 5.91 M/s, 平均速率: 3.46 M/s, 最高分辨率: 1920x1080, 平均帧率: 25.00, 视频编解码器: h264, 音频编解码器: aac
分类: 📺央视频道, 名称: CCTV-15, 有效: 5, IPv4: 15, IPv6: 0, 最小延迟: 64 ms, 最高速率: 16.23 M/s, 平均速率: 6.94 M/s, 最高分辨率: 1280x720, 平均帧率: 25.00, 视频编解码器: h264, 音频编解码器: aac
分类: 📺央视频道, 名称: CCTV-17, 有效: 5, IPv4: 14, IPv6: 0, 最小延迟: 53 ms, 最高速率: 10.18 M/s, 平均速率: 3.68 M/s, 最高分辨率: 1920x1080, 平均帧率: 25.83, 视频编解码器: h264, 音频编解码器: aac
分类: 📺央视频道, 名称: CCTV-16, 有效: 4, IPv4: 28, IPv6: 0, 最小延迟: 58 ms, 最高速率: 6.11 M/s, 平均速率: 3.87 M/s, 最高分辨率: 1920x1080, 平均帧率: 25.00, 视频编解码器: h264, 音频编解码器: aac
分类: 📺央视频道, 名称: CETV-1, 有效: 2, IPv4: 40, IPv6: 0, 最小延迟: 300 ms, 最高速率: 3.73 M/s, 平均速率: 3.11 M/s, 最高分辨率: 1920x1080, 平均帧率: 25.00, 视频编解码器: h264, 音频编解码器: aac
分类: 📺央视频道, 名称: CETV-2, 有效: 0, IPv4: 27, IPv6: 0, 最小延迟: 200 ms, 最高速率: 6.69 M/s, 平均速率: 0.00 M/s, 最高分辨率: 720x576, 平均帧率: 25.00, 视频编解码器: h264, 音频编解码器: aac
分类: 📺央视频道, 名称: CETV-3, 有效: 0, IPv4: 5, IPv6: 0, 最小延迟: 127 ms, 最高速率: 4.86 M/s, 平均速率: 0.00 M/s, 最高分辨率: 720x576, 平均帧率: 25.00, 视频编解码器: h264, 音频编解码器: aac
分类: 📡卫视频道, 名称: 广东卫视, 有效: 5, IPv4: 8, IPv6: 0, 最小延迟: 54 ms, 最高速率: 23.52 M/s, 平均速率: 7.87 M/s, 最高分辨率: 1920x1080, 平均帧率: 26.00, 视频编解码器: h264, 音频编解码器: aac
分类: 📡卫视频道, 名称: 香港卫视, 有效: 0, IPv4: 7, IPv6: 0, 最小延迟: -1 ms, 最高速率: 0.00 M/s, 平均速率: 0.00 M/s, 最高分辨率: None, 平均帧率: 未知, 视频编解码器: 未知, 音频编解码器: 未知
分类: 📺央视频道, 名称: CETV-4, 有效: 0, IPv4: 33, IPv6: 0, 最小延迟: 55 ms, 最高速率: 5.58 M/s, 平均速率: 0.00 M/s, 最高分辨率: 720x576, 平均帧率: 25.00, 视频编解码器: h264, 音频编解码器: aac
分类: 📡卫视频道, 名称: 浙江卫视, 有效: 5, IPv4: 14, IPv6: 0, 最小延迟: 64 ms, 最高速率: 9.93 M/s, 平均速率: 5.98 M/s, 最高分辨率: 1920x1080, 平均帧率: 28.57, 视频编解码器: h264, 音频编解码器: aac
分类: 📡卫视频道, 名称: 湖南卫视, 有效: 5, IPv4: 8, IPv6: 0, 最小延迟: 13 ms, 最高速率: 31.75 M/s, 平均速率: 15.41 M/s, 最高分辨率: 3840x2160, 平均帧率: 25.00, 视频编解码器: h264, 音频编解码器: aac
分类: 📡卫视频道, 名称: 北京卫视, 有效: 5, IPv4: 18, IPv6: 0, 最小延迟: 81 ms, 最高速率: 7.46 M/s, 平均速率: 3.80 M/s, 最高分辨率: 1920x1080, 平均帧率: 25.00, 视频编解码器: h264, 音频编解码器: aac
分类: 📡卫视频道, 名称: 湖北卫视, 有效: 4, IPv4: 41, IPv6: 0, 最小延迟: 152 ms, 最高速率: 6.86 M/s, 平均速率: 4.91 M/s, 最高分辨率: 1920x1080, 平均帧率: 25.00, 视频编解码器: h264, 音频编解码器: aac
分类: 📡卫视频道, 名称: 黑龙江卫视, 有效: 5, IPv4: 13, IPv6: 0, 最小延迟: 36 ms, 最高速率: 32.47 M/s, 平均速率: 20.34 M/s, 最高分辨率: 1920x1080, 平均帧率: 29.17, 视频编解码器: h264, 音频编解码器: aac
分类: 📡卫视频道, 名称: 安徽卫视, 有效: 5, IPv4: 9, IPv6: 0, 最小延迟: 89 ms, 最高速率: 22.49 M/s, 平均速率: 8.83 M/s, 最高分辨率: 1920x1080, 平均帧率: 25.00, 视频编解码器: h264, 音频编解码器: aac
分类: 📡卫视频道, 名称: 重庆卫视, 有效: 5, IPv4: 10, IPv6: 0, 最小延迟: 66 ms, 最高速率: 27.89 M/s, 平均速率: 16.31 M/s, 最高分辨率: 1920x1080, 平均帧率: 25.00, 视频编解码器: h264, 音频编解码器: aac
分类: 📡卫视频道, 名称: 东方卫视, 有效: 5, IPv4: 13, IPv6: 0, 最小延迟: 102 ms, 最高速率: 6.81 M/s, 平均速率: 4.19 M/s, 最高分辨率: 1920x1080, 平均帧率: 25.00, 视频编解码器: h264, 音频编解码器: aac
分类: 📡卫视频道, 名称: 东南卫视, 有效: 4, IPv4: 34, IPv6: 0, 最小延迟: 53 ms, 最高速率: 12.75 M/s, 平均速率: 7.57 M/s, 最高分辨率: 1920x1080, 平均帧率: 25.00, 视频编解码器: h264, 音频编解码器: aac
分类: 📡卫视频道, 名称: 甘肃卫视, 有效: 0, IPv4: 22, IPv6: 0, 最小延迟: 69 ms, 最高速率: 25.34 M/s, 平均速率: 0.00 M/s, 最高分辨率: 720x576, 平均帧率: 25.00, 视频编解码器: h264, 音频编解码器: aac
分类: 📡卫视频道, 名称: 贵州卫视, 有效: 5, IPv4: 10, IPv6: 0, 最小延迟: 63 ms, 最高速率: 18.08 M/s, 平均速率: 9.47 M/s, 最高分辨率: 1920x1080, 平均帧率: 25.00, 视频编解码器: h264, 音频编解码器: aac
分类: 📡卫视频道, 名称: 广西卫视, 有效: 4, IPv4: 35, IPv6: 0, 最小延迟: 49 ms, 最高速率: 22.91 M/s, 平均速率: 11.51 M/s, 最高分辨率: 1920x1080, 平均帧率: 25.00, 视频编解码器: h264, 音频编解码器: aac
分类: 📡卫视频道, 名称: 海南卫视, 有效: 1, IPv4: 29, IPv6: 0, 最小延迟: 493 ms, 最高速率: 4.60 M/s, 平均速率: 4.60 M/s, 最高分辨率: 1920x1080, 平均帧率: 25.00, 视频编解码器: h264, 音频编解码器: aac
分类: 📡卫视频道, 名称: 河北卫视, 有效: 4, IPv4: 34, IPv6: 0, 最小延迟: 54 ms, 最高速率: 9.72 M/s, 平均速率: 7.60 M/s, 最高分辨率: 1920x1080, 平均帧率: 25.00, 视频编解码器: h264, 音频编解码器: aac
分类: 📡卫视频道, 名称: 河南卫视, 有效: 5, IPv4: 16, IPv6: 0, 最小延迟: 44 ms, 最高速率: 14.18 M/s, 平均速率: 7.11 M/s, 最高分辨率: 1920x1080, 平均帧率: 25.00, 视频编解码器: h264, 音频编解码器: aac
分类: 📡卫视频道, 名称: 江苏卫视, 有效: 5, IPv4: 12, IPv6: 0, 最小延迟: 94 ms, 最高速率: 20.26 M/s, 平均速率: 7.05 M/s, 最高分辨率: 1920x1080, 平均帧率: 25.00, 视频编解码器: h264, 音频编解码器: aac
分类: 📡卫视频道, 名称: 吉林卫视, 有效: 1, IPv4: 34, IPv6: 0, 最小延迟: 105 ms, 最高速率: 6.55 M/s, 平均速率: 6.55 M/s, 最高分辨率: 1920x1080, 平均帧率: 25.00, 视频编解码器: h264, 音频编解码器: aac
分类: 📡卫视频道, 名称: 辽宁卫视, 有效: 5, IPv4: 8, IPv6: 0, 最小延迟: 97 ms, 最高速率: 9.89 M/s, 平均速率: 6.51 M/s, 最高分辨率: 1920x1080, 平均帧率: 25.00, 视频编解码器: h264, 音频编解码器: aac
分类: 📡卫视频道, 名称: 江西卫视, 有效: 4, IPv4: 41, IPv6: 0, 最小延迟: 48 ms, 最高速率: 33.85 M/s, 平均速率: 18.23 M/s, 最高分辨率: 1920x1080, 平均帧率: 25.00, 视频编解码器: h264, 音频编解码器: aac
分类: 📡卫视频道, 名称: 内蒙古卫视, 有效: 2, IPv4: 29, IPv6: 0, 最小延迟: 88 ms, 最高速率: 45.07 M/s, 平均速率: 44.79 M/s, 最高分辨率: 1920x1080, 平均帧率: 30.00, 视频编解码器: h264, 音频编解码器: aac
分类: 📡卫视频道, 名称: 宁夏卫视, 有效: 3, IPv4: 33, IPv6: 0, 最小延迟: 142 ms, 最高速率: 13.62 M/s, 平均速率: 5.24 M/s, 最高分辨率: 1920x1080, 平均帧率: 28.75, 视频编解码器: h264, 音频编解码器: aac
分类: 📡卫视频道, 名称: 青海卫视, 有效: 4, IPv4: 27, IPv6: 0, 最小延迟: 78 ms, 最高速率: 28.03 M/s, 平均速率: 16.74 M/s, 最高分辨率: 1920x1080, 平均帧率: 29.17, 视频编解码器: h264, 音频编解码器: aac
分类: 📡卫视频道, 名称: 山东卫视, 有效: 3, IPv4: 33, IPv6: 0, 最小延迟: 75 ms, 最高速率: 33.04 M/s, 平均速率: 15.37 M/s, 最高分辨率: 1920x1080, 平均帧率: 25.00, 视频编解码器: h264, 音频编解码器: aac
分类: 📡卫视频道, 名称: 陕西卫视, 有效: 5, IPv4: 9, IPv6: 0, 最小延迟: 78 ms, 最高速率: 22.80 M/s, 平均速率: 10.14 M/s, 最高分辨率: 1920x1080, 平均帧率: 25.00, 视频编解码器: h264, 音频编解码器: aac
分类: 📡卫视频道, 名称: 山西卫视, 有效: 2, IPv4: 27, IPv6: 0, 最小延迟: 185 ms, 最高速率: 28.75 M/s, 平均速率: 20.72 M/s, 最高分辨率: 1920x1080, 平均帧率: 28.33, 视频编解码器: h264, 音频编解码器: aac
分类: 📡卫视频道, 名称: 深圳卫视, 有效: 5, IPv4: 10, IPv6: 0, 最小延迟: 59 ms, 最高速率: 7.87 M/s, 平均速率: 5.69 M/s, 最高分辨率: 1920x1080, 平均帧率: 25.00, 视频编解码器: h264, 音频编解码器: aac
分类: 📡卫视频道, 名称: 四川卫视, 有效: 4, IPv4: 40, IPv6: 0, 最小延迟: 58 ms, 最高速率: 12.62 M/s, 平均速率: 5.62 M/s, 最高分辨率: 1920x1080, 平均帧率: 25.00, 视频编解码器: h264, 音频编解码器: aac
分类: 📡卫视频道, 名称: 天津卫视, 有效: 5, IPv4: 6, IPv6: 0, 最小延迟: 64 ms, 最高速率: 18.06 M/s, 平均速率: 8.60 M/s, 最高分辨率: 1920x1080, 平均帧率: 25.00, 视频编解码器: h264, 音频编解码器: aac
分类: 📡卫视频道, 名称: 三沙卫视, 有效: 0, IPv4: 13, IPv6: 0, 最小延迟: 50 ms, 最高速率: 25.05 M/s, 平均速率: 0.00 M/s, 最高分辨率: 720x576, 平均帧率: 25.00, 视频编解码器: h264, 音频编解码器: aac
分类: 📡卫视频道, 名称: 西藏卫视, 有效: 4, IPv4: 29, IPv6: 0, 最小延迟: 56 ms, 最高速率: 44.30 M/s, 平均速率: 16.53 M/s, 最高分辨率: 1920x1080, 平均帧率: 26.25, 视频编解码器: h264, 音频编解码器: aac
分类: 📡卫视频道, 名称: 云南卫视, 有效: 5, IPv4: 9, IPv6: 0, 最小延迟: 86 ms, 最高速率: 24.71 M/s, 平均速率: 9.35 M/s, 最高分辨率: 1920x1080, 平均帧率: 25.00, 视频编解码器: h264, 音频编解码器: aac
分类: 📡卫视频道, 名称: 新疆卫视, 有效: 3, IPv4: 37, IPv6: 0, 最小延迟: 39 ms, 最高速率: 23.63 M/s, 平均速率: 16.80 M/s, 最高分辨率: 1920x1080, 平均帧率: 25.00, 视频编解码器: h264, 音频编解码器: aac
分类: ☘️广东频道, 名称: 广东珠江, 有效: 0, IPv4: 4, IPv6: 0, 最小延迟: -1 ms, 最高速率: 0.00 M/s, 平均速率: 0.00 M/s, 最高分辨率: None, 平均帧率: 未知, 视频编解码器: 未知, 音频编解码器: 未知
分类: ☘️广东频道, 名称: 广东民生, 有效: 0, IPv4: 2, IPv6: 0, 最小延迟: -1 ms, 最高速率: 0.00 M/s, 平均速率: 0.00 M/s, 最高分辨率: None, 平均帧率: 未知, 视频编解码器: 未知, 音频编解码器: 未知
分类: ☘️广东频道, 名称: 广东体育, 有效: 0, IPv4: 6, IPv6: 0, 最小延迟: 2376 ms, 最高速率: 0.03 M/s, 平均速率: 0.00 M/s, 最高分辨率: None, 平均帧率: 未知, 视频编解码器: 未知, 音频编解码器: 未知
分类: ☘️广东频道, 名称: 广东新闻, 有效: 0, IPv4: 3, IPv6: 0, 最小延迟: -1 ms, 最高速率: 0.00 M/s, 平均速率: 0.00 M/s, 最高分辨率: None, 平均帧率: 未知, 视频编解码器: 未知, 音频编解码器: 未知
分类: ☘️广东频道, 名称: 广州竞赛, 有效: 0, IPv4: 1, IPv6: 0, 最小延迟: -1 ms, 最高速率: 0.00 M/s, 平均速率: 0.00 M/s, 最高分辨率: None, 平均帧率: 未知, 视频编解码器: 未知, 音频编解码器: 未知
分类: ☘️广东频道, 名称: 大湾区卫视, 有效: 4, IPv4: 11, IPv6: 0, 最小延迟: 137 ms, 最高速率: 5.08 M/s, 平均速率: 4.37 M/s, 最高分辨率: 1280x720, 平均帧率: 25.00, 视频编解码器: h264, 音频编解码器: aac
分类: ☘️广东频道, 名称: 广州综合, 有效: 1, IPv4: 3, IPv6: 0, 最小延迟: 1556 ms, 最高速率: 0.21 M/s, 平均速率: 0.21 M/s, 最高分辨率: 1280x720, 平均帧率: 25.00, 视频编解码器: h264, 音频编解码器: aac
分类: ☘️广东频道, 名称: 广州影视, 有效: 0, IPv4: 1, IPv6: 0, 最小延迟: -1 ms, 最高速率: 0.00 M/s, 平均速率: 0.00 M/s, 最高分辨率: None, 平均帧率: 未知, 视频编解码器: 未知, 音频编解码器: 未知
